
Memory Configuration

Name             Origin             Length             Attributes
FLASH            0x0000000000000000 0x0000000020000000 xr
SRAM             0x0000000020000000 0x0000000020000000 xrw
*default*        0x0000000000000000 0xffffffffffffffff

Linker script and memory map


.text           0x0000000000000000      0x134
 *(.vectors*)
 .vectors       0x0000000000000000       0x1c startup.o
                0x0000000000000000                g_p_func_vectors
 *(.text*)
 .text          0x000000000000001c       0x8c startup.o
                0x000000000000001c                NMI_handler
                0x000000000000001c                Bus_fault
                0x000000000000001c                default_handler
                0x000000000000001c                Usage_fault_handler
                0x000000000000001c                MM_fault_handler
                0x000000000000001c                H_fault_handler
                0x0000000000000028                reset_handler
 .text          0x00000000000000a8       0x8c toggle_led.o
                0x00000000000000a8                main
 *(.rodata)
                0x0000000000000134                . = ALIGN (0x4)
                0x0000000000000134                _E_text = .

.glue_7         0x0000000000000134        0x0
 .glue_7        0x0000000000000134        0x0 linker stubs

.glue_7t        0x0000000000000134        0x0
 .glue_7t       0x0000000000000134        0x0 linker stubs

.vfp11_veneer   0x0000000000000134        0x0
 .vfp11_veneer  0x0000000000000134        0x0 linker stubs

.v4_bx          0x0000000000000134        0x0
 .v4_bx         0x0000000000000134        0x0 linker stubs

.iplt           0x0000000000000134        0x0
 .iplt          0x0000000000000134        0x0 startup.o

.rel.dyn        0x0000000000000134        0x0
 .rel.iplt      0x0000000000000134        0x0 startup.o

.data           0x0000000020000000        0x0 load address 0x0000000000000134
                0x0000000020000000                _s_data = .
 *(.data)
 .data          0x0000000020000000        0x0 startup.o
 .data          0x0000000020000000        0x0 toggle_led.o
                0x0000000020000000                . = ALIGN (0x4)
                0x0000000020000000                _E_data = .

.igot.plt       0x0000000020000000        0x0 load address 0x0000000000000134
 .igot.plt      0x0000000020000000        0x0 startup.o

.bss            0x0000000020000000      0x400 load address 0x0000000000000134
                0x0000000020000000                _s_bss = .
 *(.bss*)
 .bss           0x0000000020000000      0x400 startup.o
 .bss           0x0000000020000400        0x0 toggle_led.o
                0x0000000020000400                . = ALIGN (0x4)
                0x0000000020000400                _E_bss = .
LOAD startup.o
LOAD toggle_led.o
OUTPUT(unit3_lab3_cortex_m4.elf elf32-littlearm)

.debug_info     0x0000000000000000      0x1e7
 .debug_info    0x0000000000000000      0x181 startup.o
 .debug_info    0x0000000000000181       0x66 toggle_led.o

.debug_abbrev   0x0000000000000000      0x124
 .debug_abbrev  0x0000000000000000       0xc8 startup.o
 .debug_abbrev  0x00000000000000c8       0x5c toggle_led.o

.debug_loc      0x0000000000000000       0xb4
 .debug_loc     0x0000000000000000       0x7c startup.o
 .debug_loc     0x000000000000007c       0x38 toggle_led.o

.debug_aranges  0x0000000000000000       0x40
 .debug_aranges
                0x0000000000000000       0x20 startup.o
 .debug_aranges
                0x0000000000000020       0x20 toggle_led.o

.debug_line     0x0000000000000000       0xd3
 .debug_line    0x0000000000000000       0x6a startup.o
 .debug_line    0x000000000000006a       0x69 toggle_led.o

.debug_str      0x0000000000000000      0x192
 .debug_str     0x0000000000000000      0x174 startup.o
                                        0x1a8 (size before relaxing)
 .debug_str     0x0000000000000174       0x1e toggle_led.o
                                         0xcc (size before relaxing)

.comment        0x0000000000000000       0x7b
 .comment       0x0000000000000000       0x7b startup.o
                                         0x7c (size before relaxing)
 .comment       0x000000000000007b       0x7c toggle_led.o

.ARM.attributes
                0x0000000000000000       0x33
 .ARM.attributes
                0x0000000000000000       0x33 startup.o
 .ARM.attributes
                0x0000000000000033       0x33 toggle_led.o

.debug_frame    0x0000000000000000       0x7c
 .debug_frame   0x0000000000000000       0x50 startup.o
 .debug_frame   0x0000000000000050       0x2c toggle_led.o
