
Allocating common symbols
Common symbol       size              file

x                   0x4               toggle_led.o

Memory Configuration

Name             Origin             Length             Attributes
FLASH            0x0000000008000000 0x0000000000020000 xr
SRAM             0x0000000020000000 0x0000000000005000 xrw
*default*        0x0000000000000000 0xffffffffffffffff

Linker script and memory map


.text           0x0000000008000000      0x128
 *(.vectors*)
 .vectors       0x0000000008000000       0x1c startup.o
                0x0000000008000000                vectors
 *(.text*)
 .text          0x000000000800001c       0x8c startup.o
                0x000000000800001c                NMI_handler
                0x000000000800001c                Bus_fault
                0x000000000800001c                default_handler
                0x000000000800001c                Usage_fault_handler
                0x000000000800001c                MM_fault_handler
                0x000000000800001c                H_fault_handler
                0x0000000008000028                reset_handler
 .text          0x00000000080000a8       0x7c toggle_led.o
                0x00000000080000a8                main
 *(.rodata)
 .rodata        0x0000000008000124        0x3 toggle_led.o
                0x0000000008000124                const_variables
                0x0000000008000128                . = ALIGN (0x4)
 *fill*         0x0000000008000127        0x1 
                0x0000000008000128                _E_text = .

.glue_7         0x0000000008000128        0x0
 .glue_7        0x0000000008000128        0x0 linker stubs

.glue_7t        0x0000000008000128        0x0
 .glue_7t       0x0000000008000128        0x0 linker stubs

.vfp11_veneer   0x0000000008000128        0x0
 .vfp11_veneer  0x0000000008000128        0x0 linker stubs

.v4_bx          0x0000000008000128        0x0
 .v4_bx         0x0000000008000128        0x0 linker stubs

.iplt           0x0000000008000128        0x0
 .iplt          0x0000000008000128        0x0 startup.o

.rel.dyn        0x0000000008000128        0x0
 .rel.iplt      0x0000000008000128        0x0 startup.o

.data           0x0000000020000000        0x8 load address 0x0000000008000128
                0x0000000020000000                _s_data = .
 *(.data)
 .data          0x0000000020000000        0x0 startup.o
 .data          0x0000000020000000        0x7 toggle_led.o
                0x0000000020000000                R_ODR
                0x0000000020000004                g_variables
                0x0000000020000008                . = ALIGN (0x4)
 *fill*         0x0000000020000007        0x1 
                0x0000000020000008                _E_data = .

.igot.plt       0x0000000020000008        0x0 load address 0x0000000008000130
 .igot.plt      0x0000000020000008        0x0 startup.o

.bss            0x0000000020000008     0x1004 load address 0x0000000008000130
                0x0000000020000008                _s_bss = .
 *(.bss*)
 .bss           0x0000000020000008        0x0 startup.o
 .bss           0x0000000020000008        0x0 toggle_led.o
                0x0000000020000008                . = ALIGN (0x4)
                0x0000000020000008                _E_bss = .
                0x0000000020000008                . = ALIGN (0x4)
                0x0000000020001008                . = (. + 0x1000)
 *fill*         0x0000000020000008     0x1000 
                0x0000000020001008                _stack_top = .
 COMMON         0x0000000020001008        0x4 toggle_led.o
                0x0000000020001008                x
LOAD startup.o
LOAD toggle_led.o
OUTPUT(learn-in-depth_cortex_m3.elf elf32-littlearm)

.debug_info     0x0000000000000000      0x319
 .debug_info    0x0000000000000000      0x16c startup.o
 .debug_info    0x000000000000016c      0x1ad toggle_led.o

.debug_abbrev   0x0000000000000000      0x1ca
 .debug_abbrev  0x0000000000000000       0xc2 startup.o
 .debug_abbrev  0x00000000000000c2      0x108 toggle_led.o

.debug_loc      0x0000000000000000       0xb4
 .debug_loc     0x0000000000000000       0x7c startup.o
 .debug_loc     0x000000000000007c       0x38 toggle_led.o

.debug_aranges  0x0000000000000000       0x40
 .debug_aranges
                0x0000000000000000       0x20 startup.o
 .debug_aranges
                0x0000000000000020       0x20 toggle_led.o

.debug_line     0x0000000000000000      0x3dc
 .debug_line    0x0000000000000000      0x1f5 startup.o
 .debug_line    0x00000000000001f5      0x1e7 toggle_led.o

.debug_str      0x0000000000000000      0x1d3
 .debug_str     0x0000000000000000      0x174 startup.o
                                        0x1b1 (size before relaxing)
 .debug_str     0x0000000000000174       0x5f toggle_led.o
                                        0x190 (size before relaxing)

.comment        0x0000000000000000       0x7b
 .comment       0x0000000000000000       0x7b startup.o
                                         0x7c (size before relaxing)
 .comment       0x000000000000007b       0x7c toggle_led.o

.ARM.attributes
                0x0000000000000000       0x33
 .ARM.attributes
                0x0000000000000000       0x33 startup.o
 .ARM.attributes
                0x0000000000000033       0x33 toggle_led.o

.debug_frame    0x0000000000000000       0x7c
 .debug_frame   0x0000000000000000       0x50 startup.o
 .debug_frame   0x0000000000000050       0x2c toggle_led.o
